// Jest Snapshot v1, https://goo.gl/fbAQLP

exports[`RecentProjects renders correctly 1`] = `
<div>
  <h3
    class="mb-10 flex space-x-4 font-semibold tracking-wider"
  >
    <svg
      class="svg-icon h-8 w-8"
    />
    <span
      class="text-2xl"
    >
      Recent Works
    </span>
  </h3>
  <div
    class="flex flex-col space-y-10"
  >
    <article
      class="group relative flex flex-col"
    >
      <h2
        class="mb-3 font-semibold tracking-wider text-zinc-100"
      >
        <div
          class="absolute -inset-x-4 -inset-y-6 z-0 scale-95 bg-neutral-200 opacity-0 transition group-hover:scale-100 group-hover:opacity-100 sm:-inset-x-6 sm:rounded-2xl dark:bg-zinc-800/50"
        />
        <a
          class="relative z-10 text-sky-500 hover:text-sky-600 dark:hover:text-sky-400"
          href="https://github/repo/1"
          target="_blank"
        >
          Repo 1
        </a>
      </h2>
      <p
        class="relative z-10 text-sm text-zinc-500 dark:text-zinc-400"
      >
        Github Repository 1
      </p>
    </article>
    <article
      class="group relative flex flex-col"
    >
      <h2
        class="mb-3 font-semibold tracking-wider text-zinc-100"
      >
        <div
          class="absolute -inset-x-4 -inset-y-6 z-0 scale-95 bg-neutral-200 opacity-0 transition group-hover:scale-100 group-hover:opacity-100 sm:-inset-x-6 sm:rounded-2xl dark:bg-zinc-800/50"
        />
        <a
          class="relative z-10 text-sky-500 hover:text-sky-600 dark:hover:text-sky-400"
          href="https://github/repo/2"
          target="_blank"
        >
          Repo 2
        </a>
      </h2>
      <p
        class="relative z-10 text-sm text-zinc-500 dark:text-zinc-400"
      >
        Github Repository 2
      </p>
    </article>
    <article
      class="group relative flex flex-col"
    >
      <h2
        class="mb-3 font-semibold tracking-wider text-zinc-100"
      >
        <div
          class="absolute -inset-x-4 -inset-y-6 z-0 scale-95 bg-neutral-200 opacity-0 transition group-hover:scale-100 group-hover:opacity-100 sm:-inset-x-6 sm:rounded-2xl dark:bg-zinc-800/50"
        />
        <a
          class="relative z-10 text-sky-500 hover:text-sky-600 dark:hover:text-sky-400"
          href="https://github/repo/3"
          target="_blank"
        >
          Repo 3
        </a>
      </h2>
      <p
        class="relative z-10 text-sm text-zinc-500 dark:text-zinc-400"
      >
        Github Repository 3
      </p>
    </article>
  </div>
</div>
`;
