// Jest Snapshot v1, https://goo.gl/fbAQLP

exports[`ProjectCard renders correctly 1`] = `
<div>
  <a
    class="overflow-hidden rounded-md bg-neutral-300 p-6 dark:bg-slate-900"
    href="https://test.repo.url"
  >
    <h2
      class="mb-2 overflow-hidden text-ellipsis text-nowrap font-semibold"
    >
      test-repo-name
    </h2>
    <p
      class="text-sm text-gray-600"
    >
      test-description
    </p>
    <p
      class="mt-4 text-sm"
    >
      <span
        class="font-semibold"
      >
        Tech:Â 
      </span>
      TypeScript
    </p>
  </a>
</div>
`;
